FullTest.appOk=[
  {
    "(1, 3)": {
      "keyword": "let"
    },
    "(1, 12)": {
      "ident": "greeting"
    },
    "(1, 13)": {
      "symbol": ":"
    },
    "(1, 20)": {
      "keyword": "String"
    },
    "(1, 22)": {
      "symbol": "="
    },
    "(1, 37)": {
      "strLiteral": "\"Hello, yall!\""
    },
    "(1, 38)": {
      "symbol": ";"
    },
    "(2, 39)": {
      "symbol": "\n"
    },
    "(2, 42)": {
      "keyword": "let"
    },
    "(2, 50)": {
      "ident": "counter"
    },
    "(2, 51)": {
      "symbol": ":"
    },
    "(2, 55)": {
      "keyword": "Int"
    },
    "(2, 57)": {
      "symbol": "="
    },
    "(2, 59)": {
      "intLiteral": "0"
    },
    "(2, 60)": {
      "symbol": ";"
    },
    "(3, 61)": {
      "symbol": "\n"
    },
    "(3, 64)": {
      "keyword": "let"
    },
    "(3, 67)": {
      "ident": "pi"
    },
    "(3, 68)": {
      "symbol": ":"
    },
    "(3, 75)": {
      "keyword": "Double"
    },
    "(3, 77)": {
      "symbol": "="
    },
    "(3, 82)": {
      "floatLiteral": "3.14"
    },
    "(3, 83)": {
      "symbol": ";"
    },
    "(4, 84)": {
      "symbol": "\n"
    },
    "(4, 87)": {
      "keyword": "let"
    },
    "(4, 92)": {
      "ident": "flag"
    },
    "(4, 93)": {
      "symbol": ":"
    },
    "(4, 98)": {
      "keyword": "Bool"
    },
    "(4, 100)": {
      "symbol": "="
    },
    "(4, 105)": {
      "ident": "true"
    },
    "(4, 106)": {
      "symbol": ";"
    },
    "(5, 107)": {
      "symbol": "\n"
    },
    "(6, 108)": {
      "symbol": "\n"
    },
    "(7, 109)": {
      "symbol": "\n"
    },
    "(8, 133)": {
      "symbol": "// додавання двох чисел\n"
    },
    "(8, 137)": {
      "keyword": "func"
    },
    "(8, 141)": {
      "ident": "add"
    },
    "(8, 142)": {
      "symbol": "("
    },
    "(8, 143)": {
      "ident": "a"
    },
    "(8, 144)": {
      "symbol": ":"
    },
    "(8, 148)": {
      "keyword": "Int"
    },
    "(8, 149)": {
      "symbol": ","
    },
    "(8, 151)": {
      "ident": "b"
    },
    "(8, 152)": {
      "symbol": ":"
    },
    "(8, 156)": {
      "keyword": "Int"
    },
    "(8, 157)": {
      "symbol": ")"
    },
    "(8, 159)": {
      "symbol": "-"
    },
    "(8, 160)": {
      "symbol": ">"
    },
    "(8, 164)": {
      "keyword": "Int"
    },
    "(8, 166)": {
      "symbol": "{"
    },
    "(9, 167)": {
      "symbol": "\n"
    },
    "(9, 177)": {
      "keyword": "return"
    },
    "(9, 179)": {
      "ident": "a"
    },
    "(9, 181)": {
      "symbol": "+"
    },
    "(9, 183)": {
      "ident": "b"
    },
    "(9, 184)": {
      "symbol": ";"
    },
    "(10, 185)": {
      "symbol": "\n"
    },
    "(10, 186)": {
      "symbol": "}"
    },
    "(11, 187)": {
      "symbol": "\n"
    },
    "(12, 205)": {
      "symbol": "// функція з Void\n"
    },
    "(12, 209)": {
      "keyword": "func"
    },
    "(12, 219)": {
      "ident": "greetUser"
    },
    "(12, 220)": {
      "symbol": "("
    },
    "(12, 224)": {
      "ident": "name"
    },
    "(12, 225)": {
      "symbol": ":"
    },
    "(12, 232)": {
      "keyword": "String"
    },
    "(12, 233)": {
      "symbol": ")"
    },
    "(12, 235)": {
      "symbol": "{"
    },
    "(13, 236)": {
      "symbol": "\n"
    },
    "(13, 245)": {
      "keyword": "print"
    },
    "(13, 246)": {
      "symbol": "("
    },
    "(13, 255)": {
      "strLiteral": "\"Hello, \""
    },
    "(13, 256)": {
      "symbol": ","
    },
    "(13, 261)": {
      "ident": "name"
    },
    "(13, 262)": {
      "symbol": ")"
    },
    "(13, 263)": {
      "symbol": ";"
    },
    "(14, 264)": {
      "symbol": "\n"
    },
    "(14, 265)": {
      "symbol": "}"
    },
    "(15, 266)": {
      "symbol": "\n"
    },
    "(16, 298)": {
      "symbol": "// порожня функція з явним Void\n"
    },
    "(16, 302)": {
      "keyword": "func"
    },
    "(16, 307)": {
      "ident": "noop"
    },
    "(16, 308)": {
      "symbol": "("
    },
    "(16, 309)": {
      "symbol": ")"
    },
    "(16, 311)": {
      "symbol": "-"
    },
    "(16, 312)": {
      "symbol": ">"
    },
    "(16, 317)": {
      "keyword": "Void"
    },
    "(16, 319)": {
      "symbol": "{"
    },
    "(16, 320)": {
      "symbol": "}"
    },
    "(17, 321)": {
      "symbol": "\n"
    },
    "(18, 322)": {
      "symbol": "\n"
    },
    "(19, 323)": {
      "symbol": "\n"
    },
    "(19, 327)": {
      "keyword": "func"
    },
    "(19, 332)": {
      "ident": "main"
    },
    "(19, 333)": {
      "symbol": "("
    },
    "(19, 334)": {
      "symbol": ")"
    },
    "(19, 336)": {
      "symbol": "{"
    },
    "(20, 337)": {
      "symbol": "\n"
    },
    "(20, 346)": {
      "keyword": "print"
    },
    "(20, 347)": {
      "symbol": "("
    },
    "(20, 355)": {
      "ident": "greeting"
    },
    "(20, 356)": {
      "symbol": ")"
    },
    "(20, 357)": {
      "symbol": ";"
    },
    "(21, 358)": {
      "symbol": "\n"
    },
    "(22, 359)": {
      "symbol": "\n"
    },
    "(23, 360)": {
      "symbol": "\n"
    },
    "(24, 386)": {
      "symbol": "// Введення з консолі\n"
    },
    "(24, 393)": {
      "keyword": "let"
    },
    "(24, 398)": {
      "ident": "name"
    },
    "(24, 400)": {
      "symbol": "="
    },
    "(24, 406)": {
      "keyword": "input"
    },
    "(24, 407)": {
      "symbol": "("
    },
    "(24, 408)": {
      "symbol": ")"
    },
    "(24, 409)": {
      "symbol": ";"
    },
    "(25, 410)": {
      "symbol": "\n"
    },
    "(25, 423)": {
      "ident": "greetUser"
    },
    "(25, 424)": {
      "symbol": "("
    },
    "(25, 428)": {
      "ident": "name"
    },
    "(25, 429)": {
      "symbol": ")"
    },
    "(25, 430)": {
      "symbol": ";"
    },
    "(26, 431)": {
      "symbol": "\n"
    },
    "(27, 432)": {
      "symbol": "\n"
    },
    "(28, 433)": {
      "symbol": "\n"
    },
    "(28, 440)": {
      "keyword": "let"
    },
    "(28, 450)": {
      "ident": "emptiness"
    },
    "(28, 451)": {
      "symbol": ":"
    },
    "(28, 456)": {
      "keyword": "Void"
    },
    "(28, 458)": {
      "symbol": "="
    },
    "(28, 463)": {
      "ident": "noop"
    },
    "(28, 464)": {
      "symbol": "("
    },
    "(28, 465)": {
      "symbol": ")"
    },
    "(28, 466)": {
      "symbol": ";"
    },
    "(29, 467)": {
      "symbol": "\n"
    },
    "(29, 476)": {
      "keyword": "print"
    },
    "(29, 477)": {
      "symbol": "("
    },
    "(29, 492)": {
      "strLiteral": "\"Nothing is ..\""
    },
    "(29, 493)": {
      "symbol": ","
    },
    "(29, 503)": {
      "ident": "emptiness"
    },
    "(29, 504)": {
      "symbol": ")"
    },
    "(29, 505)": {
      "symbol": ";"
    },
    "(30, 506)": {
      "symbol": "\n"
    },
    "(31, 507)": {
      "symbol": "\n"
    },
    "(32, 508)": {
      "symbol": "\n"
    },
    "(33, 532)": {
      "symbol": "// Цикл for з range\n"
    },
    "(33, 539)": {
      "keyword": "for"
    },
    "(33, 541)": {
      "ident": "i"
    },
    "(33, 544)": {
      "keyword": "in"
    },
    "(33, 550)": {
      "keyword": "range"
    },
    "(33, 551)": {
      "symbol": "("
    },
    "(33, 552)": {
      "intLiteral": "0"
    },
    "(33, 553)": {
      "symbol": ","
    },
    "(33, 555)": {
      "intLiteral": "5"
    },
    "(33, 556)": {
      "symbol": ","
    },
    "(33, 558)": {
      "intLiteral": "1"
    },
    "(33, 559)": {
      "symbol": ")"
    },
    "(33, 561)": {
      "symbol": "{"
    },
    "(34, 562)": {
      "symbol": "\n"
    },
    "(34, 575)": {
      "keyword": "print"
    },
    "(34, 576)": {
      "symbol": "("
    },
    "(34, 598)": {
      "strLiteral": "\"For loop iteration: \""
    },
    "(34, 599)": {
      "symbol": ","
    },
    "(34, 601)": {
      "ident": "i"
    },
    "(34, 602)": {
      "symbol": ")"
    },
    "(34, 603)": {
      "symbol": ";"
    },
    "(35, 604)": {
      "symbol": "\n"
    },
    "(35, 609)": {
      "symbol": "}"
    },
    "(36, 610)": {
      "symbol": "\n"
    },
    "(37, 611)": {
      "symbol": "\n"
    },
    "(38, 612)": {
      "symbol": "\n"
    },
    "(39, 637)": {
      "symbol": "// Цикл for по рядку\n"
    },
    "(39, 644)": {
      "keyword": "let"
    },
    "(39, 649)": {
      "ident": "word"
    },
    "(39, 650)": {
      "symbol": ":"
    },
    "(39, 657)": {
      "keyword": "String"
    },
    "(39, 659)": {
      "symbol": "="
    },
    "(39, 666)": {
      "strLiteral": "\"Bye!\""
    },
    "(39, 667)": {
      "symbol": ";"
    },
    "(40, 668)": {
      "symbol": "\n"
    },
    "(40, 675)": {
      "keyword": "for"
    },
    "(40, 678)": {
      "ident": "ch"
    },
    "(40, 681)": {
      "keyword": "in"
    },
    "(40, 686)": {
      "ident": "word"
    },
    "(40, 688)": {
      "symbol": "{"
    },
    "(41, 689)": {
      "symbol": "\n"
    },
    "(41, 702)": {
      "keyword": "print"
    },
    "(41, 703)": {
      "symbol": "("
    },
    "(41, 711)": {
      "strLiteral": "\"Char: \""
    },
    "(41, 712)": {
      "symbol": ","
    },
    "(41, 715)": {
      "ident": "ch"
    },
    "(41, 716)": {
      "symbol": ")"
    },
    "(41, 717)": {
      "symbol": ";"
    },
    "(42, 718)": {
      "symbol": "\n"
    },
    "(42, 723)": {
      "symbol": "}"
    },
    "(43, 724)": {
      "symbol": "\n"
    },
    "(44, 725)": {
      "symbol": "\n"
    },
    "(45, 726)": {
      "symbol": "\n"
    },
    "(46, 744)": {
      "symbol": "// Цикл while\n"
    },
    "(46, 751)": {
      "keyword": "var"
    },
    "(46, 759)": {
      "ident": "counter"
    },
    "(46, 761)": {
      "symbol": "="
    },
    "(46, 763)": {
      "intLiteral": "0"
    },
    "(46, 764)": {
      "symbol": ";"
    },
    "(47, 765)": {
      "symbol": "\n"
    },
    "(47, 774)": {
      "keyword": "while"
    },
    "(47, 782)": {
      "ident": "counter"
    },
    "(47, 784)": {
      "symbol": "<"
    },
    "(47, 786)": {
      "intLiteral": "3"
    },
    "(47, 788)": {
      "symbol": "{"
    },
    "(48, 789)": {
      "symbol": "\n"
    },
    "(48, 802)": {
      "keyword": "print"
    },
    "(48, 803)": {
      "symbol": "("
    },
    "(48, 815)": {
      "strLiteral": "\"Counter = \""
    },
    "(48, 817)": {
      "symbol": "+"
    },
    "(48, 825)": {
      "ident": "counter"
    },
    "(48, 826)": {
      "symbol": ")"
    },
    "(48, 827)": {
      "symbol": ";"
    },
    "(49, 828)": {
      "symbol": "\n"
    },
    "(49, 843)": {
      "ident": "counter"
    },
    "(49, 845)": {
      "symbol": "="
    },
    "(49, 853)": {
      "ident": "counter"
    },
    "(49, 855)": {
      "symbol": "+"
    },
    "(49, 857)": {
      "intLiteral": "1"
    },
    "(49, 858)": {
      "symbol": ";"
    },
    "(50, 859)": {
      "symbol": "\n"
    },
    "(50, 864)": {
      "symbol": "}"
    },
    "(51, 865)": {
      "symbol": "\n"
    },
    "(52, 866)": {
      "symbol": "\n"
    },
    "(53, 867)": {
      "symbol": "\n"
    },
    "(54, 902)": {
      "symbol": "// Умовне розгалуження if-else\n"
    },
    "(54, 908)": {
      "keyword": "if"
    },
    "(54, 913)": {
      "ident": "flag"
    },
    "(54, 916)": {
      "symbol": "&&"
    },
    "(54, 918)": {
      "symbol": "("
    },
    "(54, 920)": {
      "ident": "pi"
    },
    "(54, 922)": {
      "symbol": ">"
    },
    "(54, 926)": {
      "floatLiteral": "3.0"
    },
    "(54, 927)": {
      "symbol": ")"
    },
    "(54, 929)": {
      "symbol": "{"
    },
    "(55, 930)": {
      "symbol": "\n"
    },
    "(55, 943)": {
      "keyword": "print"
    },
    "(55, 944)": {
      "symbol": "("
    },
    "(55, 969)": {
      "strLiteral": "\"Flag is true and pi > 3\""
    },
    "(55, 970)": {
      "symbol": ")"
    },
    "(55, 971)": {
      "symbol": ";"
    },
    "(56, 972)": {
      "symbol": "\n"
    },
    "(56, 977)": {
      "symbol": "}"
    },
    "(56, 982)": {
      "keyword": "else"
    },
    "(56, 984)": {
      "symbol": "{"
    },
    "(57, 985)": {
      "symbol": "\n"
    },
    "(57, 998)": {
      "keyword": "print"
    },
    "(57, 999)": {
      "symbol": "("
    },
    "(57, 1 018)": {
      "strLiteral": "\"Condition not met\""
    },
    "(57, 1 019)": {
      "symbol": ")"
    },
    "(57, 1 020)": {
      "symbol": ";"
    },
    "(58, 1 021)": {
      "symbol": "\n"
    },
    "(58, 1 026)": {
      "symbol": "}"
    },
    "(59, 1 027)": {
      "symbol": "\n"
    },
    "(60, 1 028)": {
      "symbol": "\n"
    },
    "(61, 1 029)": {
      "symbol": "\n"
    },
    "(62, 1 056)": {
      "symbol": "// Використання switch\n"
    },
    "(62, 1 063)": {
      "keyword": "let"
    },
    "(62, 1 070)": {
      "ident": "choice"
    },
    "(62, 1 071)": {
      "symbol": ":"
    },
    "(62, 1 075)": {
      "keyword": "Int"
    },
    "(62, 1 077)": {
      "symbol": "="
    },
    "(62, 1 079)": {
      "intLiteral": "2"
    },
    "(62, 1 080)": {
      "symbol": ";"
    },
    "(63, 1 081)": {
      "symbol": "\n"
    },
    "(63, 1 091)": {
      "keyword": "switch"
    },
    "(63, 1 098)": {
      "ident": "choice"
    },
    "(63, 1 100)": {
      "symbol": "{"
    },
    "(64, 1 101)": {
      "symbol": "\n"
    },
    "(64, 1 113)": {
      "keyword": "case"
    },
    "(64, 1 115)": {
      "intLiteral": "0"
    },
    "(64, 1 116)": {
      "symbol": ","
    },
    "(64, 1 118)": {
      "intLiteral": "1"
    },
    "(64, 1 120)": {
      "symbol": "{"
    },
    "(65, 1 121)": {
      "symbol": "\n"
    },
    "(65, 1 138)": {
      "keyword": "print"
    },
    "(65, 1 139)": {
      "symbol": "("
    },
    "(65, 1 157)": {
      "strLiteral": "\"Choice is 0 or 1\""
    },
    "(65, 1 158)": {
      "symbol": ")"
    },
    "(65, 1 159)": {
      "symbol": ";"
    },
    "(66, 1 160)": {
      "symbol": "\n"
    },
    "(66, 1 169)": {
      "symbol": "}"
    },
    "(67, 1 170)": {
      "symbol": "\n"
    },
    "(67, 1 182)": {
      "keyword": "case"
    },
    "(67, 1 188)": {
      "keyword": "range"
    },
    "(67, 1 189)": {
      "symbol": "("
    },
    "(67, 1 190)": {
      "intLiteral": "2"
    },
    "(67, 1 191)": {
      "symbol": ","
    },
    "(67, 1 193)": {
      "intLiteral": "4"
    },
    "(67, 1 194)": {
      "symbol": ")"
    },
    "(67, 1 196)": {
      "symbol": "{"
    },
    "(68, 1 197)": {
      "symbol": "\n"
    },
    "(68, 1 214)": {
      "keyword": "print"
    },
    "(68, 1 215)": {
      "symbol": "("
    },
    "(68, 1 233)": {
      "strLiteral": "\"Choice is 2 or 3\""
    },
    "(68, 1 234)": {
      "symbol": ")"
    },
    "(68, 1 235)": {
      "symbol": ";"
    },
    "(69, 1 236)": {
      "symbol": "\n"
    },
    "(69, 1 245)": {
      "symbol": "}"
    },
    "(70, 1 246)": {
      "symbol": "\n"
    },
    "(70, 1 261)": {
      "keyword": "default"
    },
    "(70, 1 263)": {
      "symbol": "{"
    },
    "(71, 1 264)": {
      "symbol": "\n"
    },
    "(71, 1 281)": {
      "keyword": "print"
    },
    "(71, 1 282)": {
      "symbol": "("
    },
    "(71, 1 308)": {
      "strLiteral": "\"Choice is something else\""
    },
    "(71, 1 309)": {
      "symbol": ")"
    },
    "(71, 1 310)": {
      "symbol": ";"
    },
    "(72, 1 311)": {
      "symbol": "\n"
    },
    "(72, 1 320)": {
      "symbol": "}"
    },
    "(73, 1 321)": {
      "symbol": "\n"
    },
    "(73, 1 326)": {
      "symbol": "}"
    },
    "(74, 1 327)": {
      "symbol": "\n"
    },
    "(75, 1 328)": {
      "symbol": "\n"
    },
    "(76, 1 329)": {
      "symbol": "\n"
    },
    "(77, 1 355)": {
      "symbol": "// Виклик функції add\n"
    },
    "(77, 1 362)": {
      "keyword": "var"
    },
    "(77, 1 366)": {
      "ident": "sum"
    },
    "(77, 1 367)": {
      "symbol": ":"
    },
    "(77, 1 371)": {
      "keyword": "Int"
    },
    "(77, 1 373)": {
      "symbol": "="
    },
    "(77, 1 377)": {
      "ident": "add"
    },
    "(77, 1 378)": {
      "symbol": "("
    },
    "(77, 1 380)": {
      "intLiteral": "10"
    },
    "(77, 1 381)": {
      "symbol": ","
    },
    "(77, 1 384)": {
      "intLiteral": "20"
    },
    "(77, 1 385)": {
      "symbol": ")"
    },
    "(77, 1 386)": {
      "symbol": ";"
    },
    "(78, 1 387)": {
      "symbol": "\n"
    },
    "(78, 1 396)": {
      "keyword": "print"
    },
    "(78, 1 397)": {
      "symbol": "("
    },
    "(78, 1 405)": {
      "strLiteral": "\"Sum = \""
    },
    "(78, 1 406)": {
      "symbol": ","
    },
    "(78, 1 410)": {
      "ident": "sum"
    },
    "(78, 1 411)": {
      "symbol": ")"
    },
    "(78, 1 412)": {
      "symbol": ";"
    },
    "(79, 1 413)": {
      "symbol": "\n"
    },
    "(80, 1 414)": {
      "symbol": "\n"
    },
    "(81, 1 415)": {
      "symbol": "\n"
    },
    "(82, 1 437)": {
      "symbol": "// Логічні вирази\n"
    },
    "(82, 1 444)": {
      "keyword": "var"
    },
    "(82, 1 450)": {
      "ident": "isBig"
    },
    "(82, 1 451)": {
      "symbol": ":"
    },
    "(82, 1 456)": {
      "keyword": "Bool"
    },
    "(82, 1 458)": {
      "symbol": "="
    },
    "(82, 1 462)": {
      "ident": "sum"
    },
    "(82, 1 464)": {
      "symbol": ">"
    },
    "(82, 1 467)": {
      "intLiteral": "25"
    },
    "(82, 1 470)": {
      "symbol": "&&"
    },
    "(82, 1 475)": {
      "ident": "flag"
    },
    "(82, 1 478)": {
      "symbol": "||"
    },
    "(82, 1 480)": {
      "symbol": "!"
    },
    "(82, 1 484)": {
      "ident": "flag"
    },
    "(82, 1 485)": {
      "symbol": ";"
    },
    "(83, 1 486)": {
      "symbol": "\n"
    },
    "(83, 1 495)": {
      "keyword": "print"
    },
    "(83, 1 496)": {
      "symbol": "("
    },
    "(83, 1 506)": {
      "strLiteral": "\"isBig = \""
    },
    "(83, 1 507)": {
      "symbol": ","
    },
    "(83, 1 513)": {
      "ident": "isBig"
    },
    "(83, 1 514)": {
      "symbol": ")"
    },
    "(83, 1 515)": {
      "symbol": ";"
    },
    "(84, 1 516)": {
      "symbol": "\n"
    },
    "(84, 1 523)": {
      "keyword": "let"
    },
    "(84, 1 525)": {
      "ident": "a"
    },
    "(84, 1 526)": {
      "symbol": ":"
    },
    "(84, 1 530)": {
      "keyword": "Int"
    },
    "(84, 1 532)": {
      "symbol": "="
    },
    "(84, 1 534)": {
      "intLiteral": "5"
    },
    "(84, 1 535)": {
      "symbol": ";"
    },
    "(85, 1 536)": {
      "symbol": "\n"
    },
    "(85, 1 543)": {
      "keyword": "let"
    },
    "(85, 1 545)": {
      "ident": "b"
    },
    "(85, 1 546)": {
      "symbol": ":"
    },
    "(85, 1 550)": {
      "keyword": "Int"
    },
    "(85, 1 552)": {
      "symbol": "="
    },
    "(85, 1 555)": {
      "intLiteral": "10"
    },
    "(85, 1 556)": {
      "symbol": ";"
    },
    "(86, 1 557)": {
      "symbol": "\n"
    },
    "(86, 1 563)": {
      "keyword": "if"
    },
    "(86, 1 565)": {
      "ident": "a"
    },
    "(86, 1 568)": {
      "symbol": "=="
    },
    "(86, 1 570)": {
      "ident": "b"
    },
    "(86, 1 572)": {
      "symbol": "{"
    },
    "(87, 1 573)": {
      "symbol": "\n"
    },
    "(87, 1 586)": {
      "keyword": "print"
    },
    "(87, 1 587)": {
      "symbol": "("
    },
    "(87, 1 594)": {
      "strLiteral": "\"equal\""
    },
    "(87, 1 595)": {
      "symbol": ")"
    },
    "(87, 1 596)": {
      "symbol": ";"
    },
    "(88, 1 597)": {
      "symbol": "\n"
    },
    "(88, 1 602)": {
      "symbol": "}"
    },
    "(89, 1 603)": {
      "symbol": "\n"
    },
    "(89, 1 609)": {
      "keyword": "if"
    },
    "(89, 1 611)": {
      "ident": "a"
    },
    "(89, 1 614)": {
      "symbol": "!="
    },
    "(89, 1 616)": {
      "ident": "b"
    },
    "(89, 1 618)": {
      "symbol": "{"
    },
    "(90, 1 619)": {
      "symbol": "\n"
    },
    "(90, 1 632)": {
      "keyword": "print"
    },
    "(90, 1 633)": {
      "symbol": "("
    },
    "(90, 1 644)": {
      "strLiteral": "\"not equal\""
    },
    "(90, 1 645)": {
      "symbol": ")"
    },
    "(90, 1 646)": {
      "symbol": ";"
    },
    "(91, 1 647)": {
      "symbol": "\n"
    },
    "(91, 1 652)": {
      "symbol": "}"
    },
    "(92, 1 653)": {
      "symbol": "\n"
    },
    "(92, 1 659)": {
      "keyword": "if"
    },
    "(92, 1 661)": {
      "ident": "a"
    },
    "(92, 1 663)": {
      "symbol": "<"
    },
    "(92, 1 665)": {
      "ident": "b"
    },
    "(92, 1 667)": {
      "symbol": "{"
    },
    "(93, 1 668)": {
      "symbol": "\n"
    },
    "(93, 1 681)": {
      "keyword": "print"
    },
    "(93, 1 682)": {
      "symbol": "("
    },
    "(93, 1 688)": {
      "strLiteral": "\"less\""
    },
    "(93, 1 689)": {
      "symbol": ")"
    },
    "(93, 1 690)": {
      "symbol": ";"
    },
    "(94, 1 691)": {
      "symbol": "\n"
    },
    "(94, 1 696)": {
      "symbol": "}"
    },
    "(95, 1 697)": {
      "symbol": "\n"
    },
    "(95, 1 703)": {
      "keyword": "if"
    },
    "(95, 1 705)": {
      "ident": "a"
    },
    "(95, 1 708)": {
      "symbol": "<="
    },
    "(95, 1 710)": {
      "ident": "b"
    },
    "(95, 1 712)": {
      "symbol": "{"
    },
    "(96, 1 713)": {
      "symbol": "\n"
    },
    "(96, 1 726)": {
      "keyword": "print"
    },
    "(96, 1 727)": {
      "symbol": "("
    },
    "(96, 1 742)": {
      "strLiteral": "\"less or equal\""
    },
    "(96, 1 743)": {
      "symbol": ")"
    },
    "(96, 1 744)": {
      "symbol": ";"
    },
    "(97, 1 745)": {
      "symbol": "\n"
    },
    "(97, 1 750)": {
      "symbol": "}"
    },
    "(98, 1 751)": {
      "symbol": "\n"
    },
    "(98, 1 757)": {
      "keyword": "if"
    },
    "(98, 1 759)": {
      "ident": "a"
    },
    "(98, 1 761)": {
      "symbol": ">"
    },
    "(98, 1 763)": {
      "ident": "b"
    },
    "(98, 1 765)": {
      "symbol": "{"
    },
    "(99, 1 766)": {
      "symbol": "\n"
    },
    "(99, 1 779)": {
      "keyword": "print"
    },
    "(99, 1 780)": {
      "symbol": "("
    },
    "(99, 1 789)": {
      "strLiteral": "\"greater\""
    },
    "(99, 1 790)": {
      "symbol": ")"
    },
    "(99, 1 791)": {
      "symbol": ";"
    },
    "(100, 1 792)": {
      "symbol": "\n"
    },
    "(100, 1 797)": {
      "symbol": "}"
    },
    "(101, 1 798)": {
      "symbol": "\n"
    },
    "(101, 1 804)": {
      "keyword": "if"
    },
    "(101, 1 806)": {
      "ident": "a"
    },
    "(101, 1 809)": {
      "symbol": ">="
    },
    "(101, 1 811)": {
      "ident": "b"
    },
    "(101, 1 813)": {
      "symbol": "{"
    },
    "(102, 1 814)": {
      "symbol": "\n"
    },
    "(102, 1 827)": {
      "keyword": "print"
    },
    "(102, 1 828)": {
      "symbol": "("
    },
    "(102, 1 846)": {
      "strLiteral": "\"greater or equal\""
    },
    "(102, 1 847)": {
      "symbol": ")"
    },
    "(102, 1 848)": {
      "symbol": ";"
    },
    "(103, 1 849)": {
      "symbol": "\n"
    },
    "(103, 1 854)": {
      "symbol": "}"
    },
    "(104, 1 855)": {
      "symbol": "\n"
    },
    "(105, 1 881)": {
      "symbol": "// Арифметичні вирази\n"
    },
    "(105, 1 888)": {
      "keyword": "var"
    },
    "(105, 1 895)": {
      "ident": "result"
    },
    "(105, 1 896)": {
      "symbol": ":"
    },
    "(105, 1 903)": {
      "keyword": "Double"
    },
    "(105, 1 905)": {
      "symbol": "="
    },
    "(105, 1 907)": {
      "symbol": "("
    },
    "(105, 1 909)": {
      "ident": "pi"
    },
    "(105, 1 911)": {
      "symbol": "+"
    },
    "(105, 1 915)": {
      "floatLiteral": "2.0"
    },
    "(105, 1 916)": {
      "symbol": ")"
    },
    "(105, 1 918)": {
      "symbol": "*"
    },
    "(105, 1 922)": {
      "floatLiteral": "3.0"
    },
    "(105, 1 924)": {
      "symbol": "/"
    },
    "(105, 1 928)": {
      "floatLiteral": "2.0"
    },
    "(105, 1 930)": {
      "symbol": "-"
    },
    "(105, 1 934)": {
      "floatLiteral": "1.0"
    },
    "(105, 1 935)": {
      "symbol": ";"
    },
    "(106, 1 936)": {
      "symbol": "\n"
    },
    "(106, 1 945)": {
      "keyword": "print"
    },
    "(106, 1 946)": {
      "symbol": "("
    },
    "(106, 1 957)": {
      "strLiteral": "\"Result = \""
    },
    "(106, 1 958)": {
      "symbol": ","
    },
    "(106, 1 965)": {
      "ident": "result"
    },
    "(106, 1 966)": {
      "symbol": ")"
    },
    "(106, 1 967)": {
      "symbol": ";"
    },
    "(107, 1 968)": {
      "symbol": "\n"
    },
    "(108, 1 969)": {
      "symbol": "\n"
    },
    "(109, 1 970)": {
      "symbol": "\n"
    },
    "(109, 1 977)": {
      "keyword": "let"
    },
    "(109, 1 984)": {
      "ident": "radius"
    },
    "(109, 1 986)": {
      "symbol": "="
    },
    "(109, 1 990)": {
      "floatLiteral": "3.0"
    },
    "(109, 1 991)": {
      "symbol": ";"
    },
    "(110, 1 992)": {
      "symbol": "\n"
    },
    "(110, 1 999)": {
      "keyword": "let"
    },
    "(110, 2 004)": {
      "ident": "area"
    },
    "(110, 2 006)": {
      "symbol": "="
    },
    "(110, 2 009)": {
      "ident": "pi"
    },
    "(110, 2 011)": {
      "symbol": "*"
    },
    "(110, 2 018)": {
      "ident": "radius"
    },
    "(110, 2 021)": {
      "symbol": "**"
    },
    "(110, 2 023)": {
      "intLiteral": "2"
    },
    "(110, 2 024)": {
      "symbol": ";"
    },
    "(111, 2 025)": {
      "symbol": "\n"
    },
    "(111, 2 034)": {
      "keyword": "print"
    },
    "(111, 2 035)": {
      "symbol": "("
    },
    "(111, 2 044)": {
      "strLiteral": "\"Area = \""
    },
    "(111, 2 045)": {
      "symbol": ","
    },
    "(111, 2 050)": {
      "ident": "area"
    },
    "(111, 2 051)": {
      "symbol": ")"
    },
    "(111, 2 052)": {
      "symbol": ";"
    },
    "(112, 2 053)": {
      "symbol": "\n"
    },
    "(112, 2 054)": {
      "symbol": "}"
    },
    "(113, 2 055)": {
      "symbol": "\n"
    }
  }
]
